[ionicframework.com/docs/index.html]
[backblue.gif]
[fade.gif]
[index.html]
[www.facebook.com/ionicframework.html]
[ionicframework.com/docs/v1/index.html]
[ionicframework.com/docs/components/index.html]
[ionicframework.com/docs/api/index.html]
[ionicframework.com/docs/native/index.html]
[ionicframework.com/docs/pro/view/index.html]
[ionicframework.com/docs/pro/index.html]
[ionicframework.com/docs/developer-resources/index.html]
[ionicframework.com/docs/pro/package/index.html]
[ionicframework.com/docs/pro/monitoring/index.html]
[ionicframework.com/docs/pro/live-deploy/index.html]
[twitter.com/IonicFramework.html]
[forum.ionicframework.com/index.html]
[apps.ionic.io/login.html]
[blog.ionic.io/index.html]
[market.ionic.io/index.html]
[jobs.ionic.io/index.html]
[shop.ionic.io/index.html]
[github.com/ionic-team/index.html]
[dashboard.ionicjs.com/signup.b.delayed]
[ionicframework.com/docs/intro/installation/index.html]
[ionicframework.com/docs/intro/tutorial/index.html]
[ionicframework.com/docs/intro/deploying/index.html]
[ionicframework.com/docs/intro/migration/index.html]
[ionicframework.com/docs/intro/concepts/index.html]
[ionicframework.com/docs/theming/index.html]
[ionicframework.com/docs/storage/index.html]
[ionicframework.com/docs/theming/css-utilities/index.html]
[ionicframework.com/docs/theming/responsive-grid/index.html]
[ionicframework.com/docs/theming/theming-your-app/index.html]
[ionicframework.com/docs/theming/sass-variables/index.html]
[ionicframework.com/docs/theming/platform-specific-styles/index.html]
[ionicframework.com/docs/theming/overriding-ionic-variables/index.html]
[ionicframework.com/docs/cli/index.html]
[ionicframework.com/docs/wkwebview/index.html]
[ionicframework.com/docs/theming/rtl-support/index.html]
[ionicframework.com/docs/ionicons/index.html]
[ionicframework.com/docs/troubleshooting/index.html]
[www.google-analytics.com/cx/f9704.txt]
[ionicframework.com/docs/index.html]
[ga.clearbit.com/v1/ga9929.js]
[fonts.googleapis.com/cssbf26.css]
[www.facebook.com/ionicframework4964.html]
[www.facebook.com/plugins/page/oembed.json/index844e.html]
[www.facebook.com/index.html]
[www.facebook.com/login/identifyad2e.html]
[www.facebook.com/r97fa.html]
[www.facebook.com/ionicframework/index.html]
[www.facebook.com/ionicframework/likes76a2.html]
[www.facebook.com/ionicframework/photos/index76a2.html]
[www.facebook.com/ionicframework/index76a2.html]
[www.facebook.com/ionicframework/likes.html]
[www.facebook.com/ionicframework/posts/index76a2.html]
[www.facebook.com/ionicframework/about/index76a2.html]
[www.facebook.com/ionicframework/community/index76a2.html]
[www.facebook.com/privacy/explanation.html]
[www.facebook.com/ionicframework/about/index.html]
[www.facebook.com/ionicframework/community/index.html]
[www.facebook.com/policies30c2.html]
[www.facebook.com/search/str/Software/keywords_pages/index8c85.html]
[www.facebook.com/ionicthemes/indexb3a1.html]
[www.facebook.com/PhoneGap/indexb3a1.html]
[www.facebook.com/help/568137493302217.html]
[www.facebook.com/julienrenauxblog/index.html]
[www.facebook.com/sitepoint/indexb3a1.html]
[www.facebook.com/ionicframework/posts/1989413091198310.html]
[www.facebook.com/policies/cookies/index.html]
[www.facebook.com/ionicframework/index0cd0.html]
[www.facebook.com/ionicframework/posts/1989356897870596.html]
[www.facebook.com/ionicframework/index02c9.html]
[www.facebook.com/ionicframework/index5b2c.html]
[www.facebook.com/ionicframework/indexeac9.html]
[www.facebook.com/ionicframework/posts.html]
[www.facebook.com/ionicframework/posts/1988836561255963.html]
[www.facebook.com/ionicframework/photos/pb.1321836767955949.-2207520000.1507396954/1323608374445455/index513b.html]
[www.facebook.com/ionicframework/photos/pb.1321836767955949.-2207520000.1507396954/1690158561123766/index513b.html]
[www.facebook.com/ionicframework/photos/pb.1321836767955949.-2207520000.1507396954/1711354172337538/index513b.html]
[www.facebook.com/ionicframework/photos/index.html]
[www.facebook.com/ionicframework/posts/1987837318022554.html]
[www.facebook.com/ionicframework/index638d.html]
[www.facebook.com/ionicframework/indexc4e9.html]
[www.facebook.com/ionicframework/indexd614.html]
[www.facebook.com/ionicframework/posts/1987569584715994.html]
[www.facebook.com/ionicframework/indexc957.html]
[www.facebook.com/ionicframework/indexd7f1.html]
[www.facebook.com/ionicframework/indexd344.html]
[www.facebook.com/hashtag/papyrus31f4.html]
[www.facebook.com/ionicframework/posts/1986513034821649.html]
[www.facebook.com/ionicframework/index06e1.html]
[www.facebook.com/ionicframework/index017a.html]
[www.facebook.com/ionicframework/posts/1986490591490560.html]
[www.facebook.com/ionicframework/posts/1985971821542437.html]
[www.facebook.com/ionicframework/indexc765.html]
[www.facebook.com/ionicframework/indexc60a.html]
[www.facebook.com/ionicframework/indexe9c4.html]
[www.facebook.com/ionicframework/posts/1985865901553029.html]
[www.facebook.com/ionicframework/index373d.html]
[www.facebook.com/ionicframework/index8ba8.html]
[www.facebook.com/ionicframework/index831f.html]
[www.facebook.com/ionicframework/posts/1984529581686661.html]
[www.facebook.com/ionicframework/posts/1982561678550118.html]
[www.facebook.com/ionicframework/index6938.html]
[www.facebook.com/ionicframework/indexbfbb.html]
[www.facebook.com/ionicframework/indexc1cb.html]
[www.facebook.com/ionicframework/posts/1981077098698576.html]
[www.facebook.com/ionicframework/index27f8.html]
[www.facebook.com/ionicframework/indexb4f7.html]
[www.facebook.com/ionicframework/indexccc9.html]
[www.facebook.com/ionicframework/posts/1979806912158928.html]
[www.facebook.com/ionicframework/index8a79.html]
[www.facebook.com/ionicframework/indexee1a.html]
[www.facebook.com/ionicframework/posts/1979263445546608.html]
[www.facebook.com/ionicframework/posts/1977896419016644.html]
[www.facebook.com/ionicframework/indexbaa1.html]
[www.facebook.com/ionicframework/index3bc3.html]
[www.facebook.com/ionicframework/indexbe1e.html]
[www.facebook.com/ionicframework/posts/1968287196644233.html]
[www.facebook.com/ionicframework/indexd5e1.html]
[www.facebook.com/ionicframework/indexfee8.html]
[www.facebook.com/ionicframework/index375a.html]
[www.facebook.com/ionicframework/posts/1968121496660803.html]
[www.facebook.com/XoQO]
[www.facebook.com/ionicframework/index3d5f.html]
[www.facebook.com/ionicframework/indexfaea.html]
[www.facebook.com/vwtR]
[www.facebook.com/dH2O]
[www.facebook.com/QYEj]
[www.facebook.com/ionicframework.html]
[blog.ionic.io/index6f1c.html]
[forum.ionicframework.com/index5356.html]
[ionicframework.com/docs/v1/overview/index.html]
[ionicframework.com/docs/v1/api/index.html]
[ionicframework.com/docs/v1/platform-customization/index.html]
[ionicframework.com/docs/v1/components/index.html]
[github.com/ionic-team/ionic.html]
[ionicframework.com/docs/v1/guide/index.html]
[ionicframework.com/docs/v1/ionic-cli-faq/index.html]
[ionicframework.com/docs/v1/index.html]
[ionicframework.com/docs/v1/getting-help/index.html]
[ionicframework.com/docs/v1/concepts/index.html]
[github.com/ionic-team/ionic/blob/master/LICENSE.html]
[ionicframework.com/docs/api/components/action-sheet/ActionSheetController/index.html]
[github.com/ionic-team/ionic-preview-app/tree/master/src/pages/action-sheets/basic.html]
[ionicframework.com/docs/api/components/alert/AlertController/index.html]
[github.com/ionic-team/ionic-preview-app/tree/master/src/pages/alerts/basic.html]
[github.com/ionic-team/ionic-preview-app/tree/master/src/pages/alerts/prompt.html]
[github.com/ionic-team/ionic-preview-app/tree/master/src/pages/alerts/confirm.html]
[github.com/ionic-team/ionic-preview-app/tree/master/src/pages/alerts/radio.html]
[github.com/ionic-team/ionic-preview-app/tree/master/src/pages/alerts/checkbox.html]
[ionicframework.com/docs/api/components/badge/Badge/index.html]
[github.com/ionic-team/ionic-preview-app/tree/master/src/pages/badges.html]
[ionicframework.com/docs/api/components/button/Button/index.html]
[github.com/ionic-team/ionic-preview-app/tree/master/src/pages/buttons/basic.html]
[github.com/ionic-team/ionic-preview-app/tree/master/src/pages/buttons/outline.html]
[github.com/ionic-team/ionic-preview-app/tree/master/src/pages/buttons/clear.html]
[github.com/ionic-team/ionic-preview-app/tree/master/src/pages/buttons/round.html]
[github.com/ionic-team/ionic-preview-app/tree/master/src/pages/buttons/block.html]
[github.com/ionic-team/ionic-preview-app/tree/master/src/pages/buttons/full.html]
[github.com/ionic-team/ionic-preview-app/tree/master/src/pages/buttons/sizes.html]
[github.com/ionic-team/ionic-preview-app/tree/master/src/pages/buttons/icons.html]
[github.com/ionic-team/ionic-preview-app/tree/master/src/pages/buttons/components.html]
[github.com/ionic-team/ionic-preview-app/tree/master/src/pages/cards/basic.html]
[github.com/ionic-team/ionic-preview-app/tree/master/src/pages/cards/list.html]
[github.com/ionic-team/ionic-preview-app/tree/master/src/pages/cards/image.html]
[github.com/ionic-team/ionic-preview-app/tree/master/src/pages/cards/background.html]
[github.com/ionic-team/ionic-preview-app/tree/master/src/pages/cards/advanced-social.html]
[github.com/ionic-team/ionic-preview-app/tree/master/src/pages/cards/advanced-map.html]
[ionicframework.com/docs/api/components/checkbox/Checkbox/index.html]
[github.com/ionic-team/ionic-preview-app/tree/master/src/pages/checkboxes.html]
[ionicframework.com/docs/api/components/datetime/DateTime/index.html]
[github.com/ionic-team/ionic-preview-app/tree/master/src/pages/datetime.html]
[github.com/ionic-team/ionic-preview-app/tree/master/src/pages/fabs.html]
[ionicframework.com/docs/api/components/fab/FabButton/index.html]
[github.com/ionic-team/ionic-preview-app/tree/master/src/pages/gestures.html]
[ionicframework.com/docs/api/components/grid/Grid/index.html]
[github.com/ionic-team/ionic-preview-app/tree/master/src/pages/grid.html]
[ionicframework.com/docs/api/components/icon/Icon/index.html]
[github.com/ionic-team/ionic-preview-app/tree/master/src/pages/icons.html]
[ionicframework.com/docs/api/components/input/Input/index.html]
[github.com/ionic-team/ionic-preview-app/tree/master/src/pages/inputs/fixed-inline.html]
[github.com/ionic-team/ionic-preview-app/tree/master/src/pages/inputs/floating.html]
[github.com/ionic-team/ionic-preview-app/tree/master/src/pages/inputs/inline.html]
[github.com/ionic-team/ionic-preview-app/tree/master/src/pages/inputs/inset.html]
[github.com/ionic-team/ionic-preview-app/tree/master/src/pages/inputs/placeholder.html]
[github.com/ionic-team/ionic-preview-app/tree/master/src/pages/inputs/stacked.html]
[ionicframework.com/docs/api/components/list/List/index.html]
[ionicframework.com/docs/api/components/item/Item/index.html]
[github.com/ionic-team/ionic-preview-app/tree/master/src/pages/lists/basic.html]
[github.com/ionic-team/ionic-preview-app/tree/master/src/pages/lists/no-lines.html]
[github.com/ionic-team/ionic-preview-app/tree/master/src/pages/lists/inset.html]
[github.com/ionic-team/ionic-preview-app/tree/master/src/pages/lists/dividers.html]
[github.com/ionic-team/ionic-preview-app/tree/master/src/pages/lists/headers.html]
[github.com/ionic-team/ionic-preview-app/tree/master/src/pages/lists/icon.html]
[github.com/ionic-team/ionic-preview-app/tree/master/src/pages/lists/avatar.html]
[github.com/ionic-team/ionic-preview-app/tree/master/src/pages/lists/multiline.html]
[github.com/ionic-team/ionic-preview-app/tree/master/src/pages/lists/sliding.html]
[ionicframework.com/docs/api/components/item/ItemSliding/index.html]
[github.com/ionic-team/ionic-preview-app/tree/master/src/pages/lists/thumbnail.html]
[ionicframework.com/docs/api/components/loading/LoadingController/index.html]
[github.com/ionic-team/ionic-preview-app/tree/master/src/pages/loading/basic.html]
[ionicframework.com/docs/api/components/menu/Menu/index.html]
[github.com/ionic-team/ionic-preview-app/tree/master/src/pages/menus/basic.html]
[ionicframework.com/docs/api/components/modal/ModalController/index.html]
[github.com/ionic-team/ionic-preview-app/tree/master/src/pages/modals/basic.html]
[ionicframework.com/docs/api/components/nav/Nav/index.html]
[github.com/ionic-team/ionic-preview-app/tree/master/src/pages/navigation/basic.html]
[ionicframework.com/docs/api/components/popover/PopoverController/index.html]
[github.com/ionic-team/ionic-preview-app/tree/master/src/pages/popovers.html]
[ionicframework.com/docs/api/components/radio/RadioButton/index.html]
[ionicframework.com/docs/api/components/radio/RadioGroup/index.html]
[github.com/ionic-team/ionic-preview-app/tree/master/src/pages/radios/basic.html]
[ionicframework.com/docs/api/components/range/Range/index.html]
[github.com/ionic-team/ionic-preview-app/tree/master/src/pages/ranges.html]
[ionicframework.com/docs/api/components/searchbar/Searchbar/index.html]
[github.com/ionic-team/ionic-preview-app/tree/master/src/pages/searchbars.html]
[ionicframework.com/docs/api/components/segment/Segment/index.html]
[github.com/ionic-team/ionic-preview-app/tree/master/src/pages/segments/basic.html]
[github.com/ionic-team/ionic-preview-app/tree/master/src/pages/selects/basic.html]
[ionicframework.com/docs/api/components/select/Select/index.html]
[ionicframework.com/docs/api/components/slides/Slides/index.html]
[ionicframework.com/docs/api/components/slides/Slide/index.html]
[github.com/ionic-team/ionic-preview-app/tree/master/src/pages/slides.html]
[ionicframework.com/docs/api/components/tabs/Tabs/index.html]
[ionicframework.com/docs/api/components/tabs/Tab/index.html]
[github.com/ionic-team/ionic-preview-app/tree/master/src/pages/tabs/basic.html]
[github.com/ionic-team/ionic-preview-app/tree/master/src/pages/tabs/icon.html]
[github.com/ionic-team/ionic-preview-app/tree/master/src/pages/tabs/icon-text.html]
[ionicframework.com/docs/api/components/toast/ToastController/index.html]
[github.com/ionic-team/ionic-preview-app/tree/master/src/pages/toast/basic.html]
[ionicframework.com/docs/api/components/toggle/Toggle/index.html]
[github.com/ionic-team/ionic-preview-app/tree/master/src/pages/toggles/basic.html]
[ionicframework.com/docs/v1/api/components/navbar/Navbar]
[ionicframework.com/docs/api/components/toolbar/Toolbar/index.html]
[github.com/ionic-team/ionic-preview-app/tree/master/src/pages/toolbar/basic.html]
[ionicframework.com/docs/components/index.html]
[ionicframework.com/docs/api/components/app/App/index.html]
[ionicframework.com/docs/api/components/avatar/Avatar/index.html]
[ionicframework.com/docs/api/components/chip/Chip/index.html]
[ionicframework.com/docs/api/components/content/Content/index.html]
[ionicframework.com/docs/api/components/grid/Col/index.html]
[ionicframework.com/docs/api/config/Config/index.html]
[ionicframework.com/docs/api/util/Events/index.html]
[ionicframework.com/docs/api/components/fab/FabContainer/index.html]
[ionicframework.com/docs/api/components/fab/FabList/index.html]
[ionicframework.com/docs/api/components/toolbar/Footer/index.html]
[ionicframework.com/docs/api/tap-click/Haptic/index.html]
[ionicframework.com/docs/api/components/toolbar/Header/index.html]
[ionicframework.com/docs/api/components/show-hide-when/HideWhen/index.html]
[ionicframework.com/docs/api/components/img/Img/index.html]
[ionicframework.com/docs/api/components/infinite-scroll/InfiniteScroll/index.html]
[ionicframework.com/docs/api/util/IonicErrorHandler/index.html]
[ionicframework.com/docs/api/IonicModule/index.html]
[ionicframework.com/docs/api/navigation/IonicPage/index.html]
[ionicframework.com/docs/api/IonicPageModule/index.html]
[ionicframework.com/docs/api/components/item/ItemOptions/index.html]
[ionicframework.com/docs/api/components/item/ItemReorder/index.html]
[ionicframework.com/docs/api/platform/Keyboard/index.html]
[ionicframework.com/docs/api/components/label/Label/index.html]
[ionicframework.com/docs/api/components/menu/MenuClose/index.html]
[ionicframework.com/docs/api/components/app/MenuController/index.html]
[ionicframework.com/docs/api/components/menu/MenuToggle/index.html]
[ionicframework.com/docs/api/components/toolbar/Navbar/index.html]
[ionicframework.com/docs/api/navigation/NavController/index.html]
[ionicframework.com/docs/api/navigation/NavParams/index.html]
[ionicframework.com/docs/api/components/nav/NavPop/index.html]
[ionicframework.com/docs/api/components/nav/NavPush/index.html]
[ionicframework.com/docs/api/components/note/Note/index.html]
[ionicframework.com/docs/api/components/option/Option/index.html]
[ionicframework.com/docs/api/platform/Platform/index.html]
[ionicframework.com/docs/api/platform/PlatformConfigToken/index.html]
[ionicframework.com/docs/api/components/refresher/Refresher/index.html]
[ionicframework.com/docs/api/config/registerModeConfigs/index.html]
[ionicframework.com/docs/api/components/grid/Row/index.html]
[ionicframework.com/docs/api/components/scroll/Scroll/index.html]
[ionicframework.com/docs/api/components/segment/SegmentButton/index.html]
[ionicframework.com/docs/api/components/show-hide-when/ShowWhen/index.html]
[ionicframework.com/docs/api/components/spinner/Spinner/index.html]
[ionicframework.com/docs/api/components/split-pane/SplitPane/index.html]
[ionicframework.com/docs/api/components/thumbnail/Thumbnail/index.html]
[ionicframework.com/docs/api/components/toolbar/Title/index.html]
[ionicframework.com/docs/api/components/typography/Typography/index.html]
[ionicframework.com/docs/api/index.html]
[ionicframework.com/docs/api/navigation/ViewController/index.html]
[ionicframework.com/docs/api/components/virtual-scroll/VirtualScroll/index.html]
[ionicframework.com/docs/native/index.html]
[ionicframework.com/docs/native/browser.html]
[ionicframework.com/docs/native/action-sheet/index.html]
[ionicframework.com/docs/native/3d-touch/index.html]
[ionicframework.com/docs/native/admob-free/index.html]
[ionicframework.com/docs/native/admob-pro/index.html]
[ionicframework.com/docs/native/android-full-screen/index.html]
[ionicframework.com/docs/native/android-fingerprint-auth/index.html]
[ionicframework.com/docs/native/alipay/index.html]
[ionicframework.com/docs/native/app-availability/index.html]
[ionicframework.com/docs/native/app-preferences/index.html]
[ionicframework.com/docs/native/android-permissions/index.html]
[ionicframework.com/docs/native/app-minimize/index.html]
[ionicframework.com/docs/native/app-rate/index.html]
[ionicframework.com/docs/native/app-version/index.html]
[ionicframework.com/docs/native/appodeal/index.html]
[ionicframework.com/docs/native/app-update/index.html]
[ionicframework.com/docs/developer-resources/platform-setup/mac-setup.html]
[ionicframework.com/docs/native/background-geolocation/index.html]
[ionicframework.com/docs/native/background-fetch/index.html]
[ionicframework.com/docs/native/autostart/index.html]
[ionicframework.com/docs/developer-resources/index.html]
[ionicframework.com/docs/developer-resources/platform-setup/windows-setup.html]
[ionicframework.com/docs/native/background-mode/index.html]
[ionicframework.com/docs/native/badge/index.html]
[ionicframework.com/docs/native/barcode-scanner/index.html]
[ionicframework.com/docs/native/base64-to-gallery/index.html]
[ionicframework.com/docs/native/battery-status/index.html]
[dashboard.ionicjs.com/login.f8.delayed]
[ionicframework.com/docs/native/bluetooth-serial/index.html]
[ionicframework.com/docs/native/brightness/index.html]
[ionicframework.com/docs/native/ble/index.html]
[ionicframework.com/docs/native/broadcaster/index.html]
[ionicframework.com/docs/pro/basics/concepts/customizing-builds.html]
[ionicframework.com/docs/native/call-number/index.html]
[ionicframework.com/docs/native/browser-tab/index.html]
[ionicframework.com/docs/native/calendar/index.html]
[ionicframework.com/docs/pro/view.html]
[ionicframework.com/docs/native/camera/index.html]
[ionicframework.com/docs/native/card-io/index.html]
[ionicframework.com/docs/native/clipboard/index.html]
[ionicframework.com/docs/pro/deploy/plugin-api.html]
[ionicframework.com/docs/native/code-push/index.html]
[ionicframework.com/docs/native/couchbase-lite/index.html]
[ionicframework.com/docs/native/contacts/index.html]
[ionicframework.com/docs/pro/package/profiles.html]
[ionicframework.com/docs/native/date-picker/index.html]
[ionicframework.com/docs/native/crop/index.html]
[ionicframework.com/docs/native/db-meter/index.html]
[ionicframework.com/docs/pro/package/index-2.html]
[ionicframework.com/docs/native/device-accounts/index.html]
[ionicframework.com/docs/native/device/index.html]
[ionicframework.com/docs/native/deeplinks/index.html]
[ionicframework.com/docs/pro/migration/live-deploy.html]
[ionicframework.com/docs/native/device-motion/index.html]
[ionicframework.com/docs/native/device-feedback/index.html]
[ionicframework.com/docs/native/device-orientation/index.html]
[ionicframework.com/docs/pro/migration/package.html]
[ionicframework.com/docs/native/document-viewer/index.html]
[ionicframework.com/docs/native/dialogs/index.html]
[ionicframework.com/docs/native/diagnostic/index.html]
[ionicframework.com/docs/native/email-composer/index.html]
[ionicframework.com/docs/pro/migration/view.html]
[ionicframework.com/docs/native/facebook/index.html]
[ionicframework.com/docs/native/estimote-beacons/index.html]
[ionicframework.com/docs/native/extended-device-information/index.html]
[ionicframework.com/docs/pro/migration/push.html]
[ionicframework.com/docs/native/fcm/index.html]
[ionicframework.com/docs/native/file/index.html]
[ionicframework.com/docs/native/file-chooser/index.html]
[ionicframework.com/docs/pro/index.html]
[ionicframework.com/docs/pro/migration/auth.html]
[ionicframework.com/docs/native/file-encryption/index.html]
[ionicframework.com/docs/native/file-opener/index.html]
[ionicframework.com/docs/native/file-path/index.html]
[ionicframework.com/docs/native/file-transfer/index.html]
[ionicframework.com/docs/native/flurry-analytics/index.html]
[ionicframework.com/docs/native/fingerprint-aio/index.html]
[ionicframework.com/docs/native/ftp/index.html]
[ionicframework.com/docs/native/flashlight/index.html]
[ionicframework.com/docs/pro/view/index.html]
[ionicframework.com/docs/pro/basics/concepts/#channels.html]
[ionicframework.com/docs/native/globalization/index.html]
[ionicframework.com/docs/pro/package/index.html]
[ionicframework.com/docs/native/google-analytics/index.html]
[ionicframework.com/docs/native/geofence/index.html]
[ionicframework.com/docs/pro/live-deploy/index.html]
[ionicframework.com/docs/native/geolocation/index.html]
[ionicframework.com/docs/native/google-plus/index.html]
[ionicframework.com/docs/native/gyroscope/index.html]
[ionicframework.com/docs/native/google-maps/index.html]
[ionicframework.com/docs/pro/monitoring/Ionic Pro Dashboard]
[ionicframework.com/docs/pro/monitoring/index.html]
[ionicframework.com/docs/native/header-color/index.html]
[ionicframework.com/docs/native/http/index.html]
[ionicframework.com/docs/native/health-kit/index.html]
[ionicframework.com/docs/native/health/index.html]
[ionicframework.com/docs/native/httpd/index.html]
[ionicframework.com/docs/native/ibeacon/index.html]
[ionicframework.com/docs/native/image-picker/index.html]
[ionicframework.com/docs/native/image-resizer/index.html]
[ionicframework.com/docs/native/in-app-browser/index.html]
[ionicframework.com/docs/native/in-app-purchase/index.html]
[forum.ionicframework.com/images/default-apple-touch-icon.png]
[ionicframework.com/docs/native/in-app-purchase-2/index.html]
[ionicframework.com/docs/native/index-app-content/index.html]
[ionicframework.com/docs/native/insomnia/index.html]
[ionicframework.com/docs/native/instagram/index.html]
[ionicframework.com/docs/native/intercom/index.html]
[ionicframework.com/docs/native/intel-security/index.html]
[ionicframework.com/docs/native/is-debug/index.html]
[forum.ionicframework.com/opensearch.xml]
[ionicframework.com/docs/native/jins-meme/index.html]
[ionicframework.com/docs/native/keychain/index.html]
[ionicframework.com/docs/native/keyboard/index.html]
[forum.ionicframework.com/latestce94.html]
[ionicframework.com/docs/native/launch-review/index.html]
[ionicframework.com/docs/native/keychain-touch-id/index.html]
[ionicframework.com/docs/native/launch-navigator/index.html]
[forum.ionicframework.com/posts.rss]
[ionicframework.com/docs/native/location-accuracy/index.html]
[ionicframework.com/docs/native/local-notifications/index.html]
[ionicframework.com/docs/native/linkedin/index.html]
[forum.ionicframework.com/latest.rss]
[ionicframework.com/docs/native/media-capture/index.html]
[ionicframework.com/docs/native/media/index.html]
[ionicframework.com/docs/native/market/index.html]
[forum.ionicframework.com/t/help-us-help-you/28875.html]
[ionicframework.com/docs/native/ms-adal/index.html]
[ionicframework.com/docs/native/mobile-accessibility/index.html]
[ionicframework.com/docs/native/mixpanel/index.html]
[forum.ionicframework.com/c/meta.html]
[ionicframework.com/docs/native/native-geocoder/index.html]
[ionicframework.com/docs/native/music-controls/index.html]
[ionicframework.com/docs/native/native-audio/index.html]
[forum.ionicframework.com/t/returning-a-value-from-a-function/108036.html]
[ionicframework.com/docs/native/native-storage/index.html]
[ionicframework.com/docs/native/native-keyboard/index.html]
[ionicframework.com/docs/native/native-page-transitions/index.html]
[forum.ionicframework.com/c/ionic.html]
[forum.ionicframework.com/t/operation-not-permitted-while-executing-command-ionic-cordova-run-android/107134.html]
[ionicframework.com/docs/native/network/index.html]
[ionicframework.com/docs/native/nfc/index.html]
[ionicframework.com/docs/native/onesignal/index.html]
[forum.ionicframework.com/t/adding-a-controller-for-bringing-in-the-weather/107272.html]
[ionicframework.com/docs/native/open-native-settings/index.html]
[ionicframework.com/docs/native/pedometer/index.html]
[ionicframework.com/docs/native/paypal/index.html]
[forum.ionicframework.com/t/data-model-architecture-with-database/91832.html]
[ionicframework.com/docs/native/photo-viewer/index.html]
[ionicframework.com/docs/native/phonegap-local-notification/index.html]
[ionicframework.com/docs/native/photo-library/index.html]
[forum.ionicframework.com/t/livereload-problem/108035.html]
[ionicframework.com/docs/native/pin-check/index.html]
[ionicframework.com/docs/native/power-management/index.html]
[ionicframework.com/docs/native/pin-dialog/index.html]
[forum.ionicframework.com/t/ios-app-img-src-field/107998.html]
[ionicframework.com/docs/native/printer/index.html]
[ionicframework.com/docs/native/pro/index.html]
[ionicframework.com/docs/native/push/index.html]
[ionicframework.com/docs/native/qqsdk/index.html]
[ionicframework.com/docs/native/screen-orientation/index.html]
[ionicframework.com/docs/native/safari-view-controller/index.html]
[ionicframework.com/docs/native/qr-scanner/index.html]
[ionicframework.com/docs/native/secure-storage/index.html]
[forum.ionicframework.com/c/ionic-native.html]
[ionicframework.com/docs/native/shake/index.html]
[ionicframework.com/docs/native/screenshot/index.html]
[ionicframework.com/docs/native/serial/index.html]
[forum.ionicframework.com/t/auth-http-no-jwt-present-or-has-expired/108019.html]
[ionicframework.com/docs/native/sim/index.html]
[ionicframework.com/docs/native/sms/index.html]
[ionicframework.com/docs/native/social-sharing/index.html]
[forum.ionicframework.com/t/ionic-unable-to-write-data-in-device-bluetooth-serial-connection/91532.html]
[forum.ionicframework.com/t/ionic-2-openweathermap-api-call/108032.html]
[ionicframework.com/docs/native/splash-screen/index.html]
[ionicframework.com/docs/native/spinner-dialog/index.html]
[ionicframework.com/docs/native/speech-recognition/index.html]
[ionicframework.com/docs/native/sqlite/index.html]
[ionicframework.com/docs/native/stepcounter/index.html]
[ionicframework.com/docs/native/status-bar/index.html]
[ionicframework.com/docs/native/sqlite-porter/index.html]
[forum.ionicframework.com/t/enable-pinch-and-zoom-for-entire-app-or-entire-page/108033.html]
[ionicframework.com/docs/native/stripe/index.html]
[ionicframework.com/docs/native/taptic-engine/index.html]
[ionicframework.com/docs/native/streaming-media/index.html]
[forum.ionicframework.com/c/ionic-v1.html]
[ionicframework.com/docs/native/themeable-browser/index.html]
[ionicframework.com/docs/native/text-to-speech/index.html]
[ionicframework.com/docs/native/toast/index.html]
[forum.ionicframework.com/t/i-need-a-backend-service/107776.html]
[ionicframework.com/docs/native/twitter-connect/index.html]
[ionicframework.com/docs/native/uid/index.html]
[ionicframework.com/docs/native/touch-id/index.html]
[ionicframework.com/docs/native/unique-device-id/index.html]
[ionicframework.com/docs/native/vibration/index.html]
[ionicframework.com/docs/native/user-agent/index.html]
[ionicframework.com/docs/native/video-editor/index.html]
[forum.ionicframework.com/t/ios-build-error-error-command-failed-xcrun-simctl-list-json/108031.html]
[ionicframework.com/docs/native/video-player/index.html]
[ionicframework.com/docs/native/youtube-video-player/index.html]
[ionicframework.com/docs/native/zbar/index.html]
[ionicframework.com/docs/native/zeroconf/index.html]
[forum.ionicframework.com/t/ios-builds-old-files-and-livereload-doesnt-work/107699.html]
[ionicframework.com/docs/native/backlight/index.html]
[ionicframework.com/docs/native/base64/index.html]
[ionicframework.com/docs/native/zip/index.html]
[forum.ionicframework.com/t/ios-builds-old-files-and-livereload-doesnt-work/1076994658.html]
[ionicframework.com/docs/native/firebase/index.html]
[ionicframework.com/docs/native/firebase-analytics/index.html]
[ionicframework.com/docs/native/camera-preview/index.html]
[forum.ionicframework.com/t/cordova-plugin-inappbrowser-download-from-external-website-with-inappbrowser-in-ionic-3-app/108029.html]
[ionicframework.com/docs/native/hotspot/index.html]
[ionicframework.com/docs/native/firebase-dynamic-links/index.html]
[ionicframework.com/docs/native/hypertrack/index.html]
[forum.ionicframework.com/t/google-services-version-conflict-maps-fcm/93695.html]
[ionicframework.com/docs/native/navigation-bar/index.html]
[ionicframework.com/docs/native/pinterest/index.html]
[ionicframework.com/docs/native/native-ringtones/index.html]
[forum.ionicframework.com/t/google-services-version-conflict-maps-fcm/936954658.html]
[ionicframework.com/docs/native/regula-document-reader/index.html]
[ionicframework.com/docs/native/video-capture-plus/index.html]
[ionicframework.com/docs/native/rollbar/index.html]
[ionicframework.com/docs/native/web-intent/index.html]
[ionicframework.com/docs/native/wheelselector-plugin/index.html]
[forum.ionicframework.com/t/google-services-version-conflict-maps-fcm/936959ba9.html]
[blog.ionic.io/ionic-native-native-powers-for-your-app/index68f1.html]
[forum.ionicframework.com/t/cordova-7-0-1-is-it-safe-to-update/108028.html]
[blog.ionic.io/ionic-native-enabling-login-with-touch-id-for-ios/index.html]
[blog.ionic.io/ionic-native-accessing-ios-photos-and-android-gallery-part-2/index.html]
[blog.ionic.io/ionic-native-accessing-ios-photos-and-android-gallery-part-i/index.html]
[forum.ionicframework.com/t/wkwebview-crosswalk/108025.html]
[blog.ionic.io/screencast-ionic-async/index.html]
[blog.ionic.io/ionic-and-typings/index.html]
[ionicframework.com/docs/pro/basics/welcome/index.html]
[dashboard.ionicjs.com/index.html]
[forum.ionicframework.com/t/ionic-side-menu-and-tabs/107710.html]
[ionicframework.com/docs/pro/basics/getting-started/index.html]
[ionicframework.com/docs/pro/basics/git/index.html]
[forum.ionicframework.com/t/error-with-prod/108027.html]
[ionicframework.com/docs/pro/basics/concepts/index.html]
[ionicframework.com/docs/pro/basics/help/index.html]
[ionicframework.com/docs/pro/deploy/index.html]
[ionicframework.com/docs/pro/deploy/setup/index.html]
[ionicframework.com/docs/pro/migration/index.html]
[forum.ionicframework.com/t/stripe-elements-malfunctioning/102039.html]
[forum.ionicframework.com/t/admob-free-with-ionic-2/108024.html]
[forum.ionicframework.com/t/problem-with-angular-4-httpclient/107955.html]
[forum.ionicframework.com/t/is-there-any-plugin-that-make-application-work-in-background-mode/108014.html]
[forum.ionicframework.com/t/use-non-native-plugins-on-ionic/107468.html]
[forum.ionicframework.com/t/how-to-add-video-or-audio-call-in-ionic/107831.html]
[forum.ionicframework.com/t/ion-datetime-show-weekday/93176.html]
[forum.ionicframework.com/t/present-component-on-top-of-ion-tabs/108020.html]
[forum.ionicframework.com/t/ionic-firebase-push-subscription-error/108018.html]
[forum.ionicframework.com/t/ionic-firebase-phone-gap-push-notification-issue/107529.html]
[forum.ionicframework.com/categories.html]
[forum.ionicframework.com/guidelines.html]
[forum.ionicframework.com/tos.html]
[forum.ionicframework.com/index.html]
[forum.ionicframework.com/privacy.html]
[blog.ionic.io/wp-content/themes/ionic/favicon.ico]
[blog.ionic.io/wp-content/themes/ionic/style.css]
[blog.ionic.io/wp-content/themes/ionic/library/css/site60ec.css]
[blog.ionic.io/feed/index.html]
[blog.ionic.io/comments/feed/index.html]
[blog.ionic.io/wp-content/plugins/jetpack/css/jetpackc1f9.css]
[blog.ionic.io/wp-includes/js/jquery/jquery-migrate.min330a.js]
[blog.ionic.io/wp-includes/js/jquery/jqueryb8ff.js]
[blog.ionic.io/xmlrpc0db0.php]
[blog.ionic.io/wp-includes/wlwmanifest.xml]
[blog.ionic.io/wp-json/index.html]
[blog.ionic.io/wp-content/plugins/wp-highlightjs/styles/ionic.css]
[blog.ionic.io/wp-content/uploads/2015/05/cropped-logo-32x32.png]
[blog.ionic.io/wp-content/uploads/2015/05/cropped-logo-192x192.png]
[blog.ionic.io/wp-content/uploads/2015/05/cropped-logo-180x180.png]
[blog.ionic.io/wp-content/plugins/wp-highlightjs/highlight.pack.js]
[blog.ionic.io/tag/top-posts/index.html]
[blog.ionic.io/tag/tutorials/index.html]
[blog.ionic.io/tag/framework/index.html]
[blog.ionic.io/tag/built-with/index.html]
[blog.ionic.io/wp-content/uploads/2017/09/webkit-banner.png]
[blog.ionic.io/wkwebview-for-all-a-new-webview-for-ionic/index.html]
[twitter.com/mhartington.html]
[blog.ionic.io/tag/cordova/index.html]
[blog.ionic.io/wp-content/uploads/2017/05/M6yUSmBo-150x150.jpg]
[blog.ionic.io/tag/ionic-native/index.html]
[blog.ionic.io/tag/ionic-cli/index.html]
[blog.ionic.io/its-time-to-change-the-way-we-define-a-great-user-experience/index.html]
[blog.ionic.io/wp-content/uploads/2017/09/ux-header.jpg]
[twitter.com/achaire.html]
[blog.ionic.io/tag/ux/index.html]
[blog.ionic.io/tag/progressive-web-apps/index.html]
[blog.ionic.io/wp-content/uploads/2017/09/Z6y3QL3.gif]
[blog.ionic.io/updates-for-all-ionic-angular-3-7-and-more/index.html]
[twitter.com/danbucholtz.html]
[blog.ionic.io/tag/angular/index.html]
[blog.ionic.io/wp-content/uploads/2017/09/yoav-150x150.jpg]
[blog.ionic.io/wp-content/uploads/2017/09/microsoft-flow-img-header.jpg]
[blog.ionic.io/tag/ionic/index.html]
[blog.ionic.io/built-with-ionic-microsoft-flow-app/index.html]
[twitter.com/yoavyas.html]
[blog.ionic.io/tag/built-with-ionic/index.html]
[blog.ionic.io/ios-11-checklist/index.html]
[blog.ionic.io/wp-content/uploads/2016/08/65499728661_017a7b09d0bed667b769_512-150x150.jpg]
[twitter.com/maxlynch.html]
[blog.ionic.io/where-were-going-with-cloud/index.html]
[blog.ionic.io/sunsetting-ionic-cloud-push-and-auth/index.html]
[blog.ionic.io/the-end-of-framework-churn/index.html]
[twitter.com/@Justinwillis96.html]
[blog.ionic.io/wp-content/uploads/2017/08/pwa-header-img.jpg]
[blog.ionic.io/wp-content/uploads/2017/07/web-graphic-1024x585.png]
[blog.ionic.io/tag/pwas/index.html]
[blog.ionic.io/what-is-a-progressive-web-app/index.html]
[blog.ionic.io/wp-content/uploads/2017/07/john-sting-112628.jpg]
[blog.ionic.io/built-with-ionic-b2e-apps-for-gamers/index.html]
[blog.ionic.io/ionic-dev-survey-says-theres-no-better-time-to-be-a-web-developer/index.html]
[blog.ionic.io/wp-content/uploads/2017/07/john-sting-112628-1024x683.jpg]
[blog.ionic.io/what-progressive-web-apps-can-do-for-you/index.html]
[blog.ionic.io/tag/ionic-enterprise/index.html]
[blog.ionic.io/wp-content/themes/ionic/library/js/blog.js]
[blog.ionic.io/wp-content/themes/ionic/library/js/bootstrap-sass-official/assets/javascripts/bootstrap.js]
[blog.ionic.io/wp-includes/js/wp-embed.min4a41.js]
[blog.ionic.io/wp-content/plugins/disqus-comment-system/media/js/count4a41.js]
[blog.ionic.io/page/2/index.html]
[blog.ionic.io/index.html]
[market.ionic.io/img/market-logo.png]
[market.ionic.io/favicon.ico]
[market.ionic.io/manifest.json]
[market.ionic.io/img/touch/chrome-touch-icon-192x192.png]
[market.ionic.io/img/touch/apple-touch-icon.png]
[market.ionic.io/img/touch/ms-touch-icon-144x144-precomposed.png]
[market.ionic.io/css/angular-chart.min.css]
[market.ionic.io/styles/market.min.css]
[market.ionic.io/img/market-logoc81e.png]
[market.ionic.io/starters.html]
[market.ionic.io/plugins.html]
[market.ionic.io/themes.html]
[dashboard.ionicjs.com/sso/market.1688c4e.delayed]
[market.ionic.io/submit.html]
[market.ionic.io/starters/ion2fullapp---full-ionic-2-app-template-pro-version.html]
[market.ionic.io/plugins/vice-parallax-container.html]
[market.ionic.io/themes/pinro-vol-2.html]
[market.ionic.io/faq.html]
[market.ionic.io/legal.html]
[twitter.com/Ionicframework-2.html]
[market.ionic.io/img/ico-twitter.png]
[market.ionic.io/img/ico-facebook.png]
[market.ionic.io/img/ico-github.png]
[market.ionic.io/js/ui-bootstrap-custom-tpls-0.13.0.js]
[market.ionic.io/js/mentio.min.js]
[market.ionic.io/js/angular-chart.min.js]
[market.ionic.io/js/market30f4.js]
[market.ionic.io/index.html]
[market.ionic.io/js/typed.js]
[market.ionic.io/user/index.html]
[jobs.ionic.io/static/img/ionic-favicon.png]
[jobs.ionic.io/static/css/jobs.css]
[jobs.ionic.io/job/new.html]
[jobs.ionic.io/rss]
[jobs.ionic.io/job/799728.html]
[jobs.ionic.io/index.html]
[shop.ionic.io/pages/about-us.html]
[shop.ionic.io/pages/frontpage.html]
[shop.ionic.io/cart.html]
[shop.ionic.io/products/ionic-cloud-tee.html]
[shop.ionic.io/products/ionic-classic-tee.html]
[shop.ionic.io/products/ionitron-ascii-tee.html]
[shop.ionic.io/products/ioniton-standard-tee.html]
[shop.ionic.io/products/ionic-logo-sticker.html]
[shop.ionic.io/products/ionic-orbital-sticker.html]
[shop.ionic.io/products/copy-of-ionic-orbital-die-cut-sticker.html]
[shop.ionic.io/products/ionitron-sticker.html]
[shop.ionic.io/index.html]
[twitter.com/ionicframework-3.html]
[twitter.com/json.json]
[twitter.com/ionicframeworke68f.html]
[twitter.com/ionicframework9ed2.html]
[twitter.com/ionicframeworkd6cc.html]
[twitter.com/ionicframeworkc9e6.html]
[twitter.com/ionicframeworkc69a.html]
[twitter.com/ionicframework3322.html]
[twitter.com/ionicframeworkcf53.html]
[twitter.com/ionicframework9bb4.html]
[twitter.com/ionicframework923c.html]
[twitter.com/ionicframework7542.html]
[twitter.com/ionicframework2296.html]
[twitter.com/ionicframework2139.html]
[twitter.com/ionicframeworkcdb1.html]
[twitter.com/ionicframework02d7.html]
[twitter.com/ionicframework99dc.html]
[twitter.com/ionicframework9212.html]
[twitter.com/ionicframework759b.html]
[twitter.com/ionicframeworkef8e.html]
[twitter.com/ionicframework99a6.html]
[twitter.com/ionicframework9e93.html]
[twitter.com/ionicframework5720.html]
[twitter.com/ionicframeworkc423.html]
[twitter.com/ionicframework6bf8.html]
[twitter.com/ionicframeworka30c.html]
[twitter.com/ionicframeworke6ac.html]
[twitter.com/ionicframework64f4.html]
[twitter.com/ionicframeworkadd9.html]
[twitter.com/ionicframeworkcc5a.html]
[twitter.com/ionicframework9277.html]
[twitter.com/ionicframeworka35d.html]
[twitter.com/ionicframework5242.html]
[twitter.com/ionicframework4bed.html]
[twitter.com/ionicframeworkad9c.html]
[twitter.com/ionicframework7b3f.html]
[twitter.com/ionicframework4240.html]
[twitter.com/ionicframework0b5e.html]
[twitter.com/ionicframework1ebe.html]
[twitter.com/ionicframework62b1.html]
[twitter.com/ionicframeworke034.html]
[twitter.com/ionicframeworkbbc9.html]
[twitter.com/ionicframework1f03.html]
[twitter.com/ionicframework6e27.html]
[twitter.com/ionicframework08c7.html]
[twitter.com/ionicframework7d5b.html]
[twitter.com/ionicframeworkc203.html]
[twitter.com/ionicframework880d.html]
[twitter.com/ionicframework21c9.html]
[twitter.com/android-app_/com.twitter.android/twitter/user.1bb80f6.delayed]
[twitter.com/opensearch.xml]
[twitter.com/index.html]
[twitter.com/IonicFramework9bb4-2.html]
[twitter.com/IonicFramework31cf.html]
[twitter.com/IonicFrameworka35d-2.html]
[twitter.com/IonicFramework7b3f-2.html]
[twitter.com/IonicFrameworkc423-2.html]
[twitter.com/IonicFramework3322-2.html]
[twitter.com/IonicFramework62b1-2.html]
[twitter.com/IonicFrameworkc69a-2.html]
[twitter.com/IonicFramework02d7-2.html]
[twitter.com/IonicFrameworke68f-2.html]
[twitter.com/IonicFramework1ebe-2.html]
[twitter.com/IonicFrameworkcf53-2.html]
[twitter.com/IonicFrameworka30c-2.html]
[twitter.com/IonicFrameworkcdb1-2.html]
[twitter.com/IonicFramework99a6-2.html]
[twitter.com/IonicFramework6bf8-2.html]
[twitter.com/IonicFramework923c-2.html]
[twitter.com/IonicFramework0b5e-2.html]
[twitter.com/IonicFramework08c7-2.html]
[twitter.com/IonicFramework5720-2.html]
[twitter.com/IonicFramework9e93-2.html]
[twitter.com/IonicFrameworke034-2.html]
[twitter.com/IonicFramework2296-2.html]
[twitter.com/IonicFramework4bed-2.html]
[twitter.com/IonicFramework1f03-2.html]
[twitter.com/IonicFramework2139-2.html]
[twitter.com/IonicFramework6e27-2.html]
[twitter.com/IonicFramework9277-2.html]
[twitter.com/IonicFramework64f4-2.html]
[twitter.com/IonicFrameworkd6cc-2.html]
[twitter.com/IonicFrameworke6ac-2.html]
[twitter.com/IonicFrameworkc203-2.html]
[twitter.com/IonicFrameworkef8e-2.html]
[twitter.com/IonicFrameworkbbc9-2.html]
[twitter.com/IonicFramework7d5b-2.html]
[twitter.com/IonicFramework880d-2.html]
[twitter.com/IonicFramework21c9-2.html]
[twitter.com/IonicFrameworkcc5a-2.html]
[twitter.com/IonicFramework7542-2.html]
[twitter.com/IonicFrameworkc9e6-2.html]
[twitter.com/IonicFramework759b-2.html]
[twitter.com/IonicFramework9212-2.html]
[twitter.com/login.html]
[twitter.com/account/begin_password_reset.html]
[twitter.com/i/js_inst3fb2]
[twitter.com/signup.html]
[twitter.com/Ionicframework/following.1ec.delayed]
[twitter.com/login12bf.html]
[twitter.com/Ionicframework/followers.1ee.delayed]
[twitter.com/loginfb57.html]
[twitter.com/Ionicframework/likes.1f0.delayed]
[twitter.com/login704b.html]
[twitter.com/Ionicframework/media.html]
[twitter.com/Ionicframework/with_replies.1f4.delayed]
[twitter.com/logind715.html]
[twitter.com/Ionicframework/status/914874447693336577.html]
[twitter.com/ionicAmsterdam.html]
[twitter.com/ionicAmsterdam/status/915946547283668992.html]
[twitter.com/AngularConnect.html]
[twitter.com/Ionicframework/status/916038236048433152.html]
[twitter.com/stenciljs.html]
[twitter.com/Justinwillis96.html]
[twitter.com/joshuamorony.html]
[twitter.com/joshuamorony/status/915914546136698885.html]
[twitter.com/Justinwillis96/status/915951048216465408.html]
[twitter.com/Ionicframework/status/915991333726167040.html]
[twitter.com/IonicNewsletter.html]
[twitter.com/IonicNewsletter/status/915943729332178944.html]
[twitter.com/hashtag/ionic805d.html]
[twitter.com/hashtag/AppDev.204805d.delayed]
[twitter.com/hashtag/AppDevc4f9.html]
[twitter.com/hashtag/hybrid.206805d.delayed]
[twitter.com/hashtag/hybridc4f9.html]
[twitter.com/hashtag/Angular805d.html]
[twitter.com/nikolasburk.html]
[twitter.com/nikolasburk/status/915941864339120130.html]
[twitter.com/hashtag/GraphQL805d.html]
[twitter.com/hashtag/Ionic805d-2.html]
[twitter.com/maxlynch/status/915935058736926720.html]
[twitter.com/maxlynch/status/915629413374529536.html]
[twitter.com/benjsperry.html]
[twitter.com/benjsperry/status/915610271103819777.html]
[twitter.com/Ionicframework/status/915608912325472258.html]
[twitter.com/mhartington/status/915603254565851136.html]
[twitter.com/fixitinpost42.html]
[twitter.com/fixitinpost42/status/915395454740959232.html]
[twitter.com/schlimmson.html]
[twitter.com/schlimmson/status/915281572751970304.html]
[twitter.com/hashtag/nodejs805d.html]
[twitter.com/maxlynch/status/915275614453723138.html]
[twitter.com/Firebase/status/915247528135856130.html]
[twitter.com/MatthieuDrula.html]
[twitter.com/MatthieuDrula/status/915011061438451714.html]
[twitter.com/hashtag/JavaScript805d.html]
[twitter.com/wikitude.html]
[twitter.com/joshuamorony/status/915026366176874498.html]
[twitter.com/IonicThemes.html]
[twitter.com/IonicThemes/status/914889904294907908.html]
[twitter.com/javebratt.html]
[twitter.com/javebratt/status/914880965268447232.html]
[twitter.com/Firebase.html]
[twitter.com/hashtag/ionicShare.224805d.delayed]
[twitter.com/hashtag/ionicSharec4f9.html]
[twitter.com/Ionicframework/status/914657110985756672.html]
[twitter.com/hashtag/Papyrus805d.html]
[twitter.com/tos.229.delayed]
[twitter.com/en/tos.html]
[twitter.com/privacy.22b.delayed]
[twitter.com/IonicFramework.html]
[twitter.com/en/privacy.html]
[ionicworldwide.herokuapp.com/assets/superagent.js]
[ionicworldwide.herokuapp.com/index.html]
[ionicworldwide.herokuapp.com/assets/client.js]
[github.com/ionic-team/ionic/stargazers.html]
[github.com/ionic-team/ionic/network.html]
[github.com/ionic-team/ionic-cli.html]
[github.com/ionic-team/ionic-cli/stargazers.html]
[github.com/ionic-team/ionic-cli/network.html]
[github.com/ionic-team/ionic-conference-app.html]
[github.com/ionic-team/ionic-conference-app/stargazers.html]
[github.com/ionic-team/ionic-conference-app/network.html]
[github.com/ionic-team/ionic-native.html]
[github.com/ionic-team/ionic-native/graphs/participation48a6.html]
[github.com/ionic-team/ionic-native/stargazers.html]
[github.com/ionic-team/ionic-native/network.html]
[github.com/ionic-team/stencil.html]
[github.com/ionic-team/stencil/graphs/participation48a6.html]
[github.com/ionic-team/stencil/stargazers.html]
[github.com/ionic-team/stencil/network.html]
[github.com/ionic-team/stencil-component-starter.html]
[github.com/ionic-team/stencil-component-starter/graphs/participation48a6.html]
[github.com/ionic-team/stencil-component-starter/stargazers.html]
[github.com/ionic-team/stencil-component-starter/network.html]
[github.com/ionic-team/ionic-app-scripts.html]
[github.com/ionic-team/ionic-app-scripts/graphs/participation48a6.html]
[github.com/ionic-team/ionic-app-scripts/stargazers.html]
[github.com/ionic-team/ionic-app-scripts/network.html]
[github.com/ionic-team/ionic-site.html]
[github.com/ionic-team/ionic-site/graphs/participation48a6.html]
[github.com/ionic-team/ionic-site/stargazers.html]
[github.com/ionic-team/ionic-site/network.html]
[github.com/ionic-team/ng-cordova.html]
[github.com/ionic-team/ng-cordova/graphs/participation48a6.html]
[github.com/ionic-team/ng-cordova/stargazers.html]
[github.com/ionic-team/ng-cordova/network.html]
[github.com/ionic-team/ionic2-starter-aws.html]
[github.com/ionic-team/ionic2-starter-aws/graphs/participation48a6.html]
[github.com/ionic-team/ionic2-starter-aws/stargazers.html]
[github.com/ionic-team/ionic2-starter-aws/network.html]
[github.com/ionic-team/ionic-conference-app/graphs/participation48a6.html]
[github.com/ionic-team/ionic/graphs/participation48a6.html]
[github.com/ionic-team/ionic-preview-app.html]
[github.com/ionic-team/ionic-preview-app/graphs/participation48a6.html]
[github.com/ionic-team/ionic-preview-app/stargazers.html]
[github.com/ionic-team/ionic-preview-app/network.html]
[github.com/ionic-team/stencil-site.html]
[github.com/ionic-team/stencil-site/graphs/participation48a6.html]
[github.com/ionic-team/stencil-site/stargazers.html]
[github.com/ionic-team/stencil-site/network.html]
[github.com/ionic-team/ionic2-app-base.html]
[github.com/ionic-team/ionic2-app-base/graphs/participation48a6.html]
[github.com/ionic-team/ionic2-app-base/stargazers.html]
[github.com/ionic-team/ionic2-app-base/network.html]
[github.com/ionic-team/ionic-starter-super.html]
[github.com/ionic-team/ionic-starter-super/stargazers.html]
[github.com/ionic-team/ionic-starter-super/network.html]
[github.com/ionic-team/stencil-app-starter.html]
[github.com/ionic-team/stencil-app-starter/graphs/participation48a6.html]
[github.com/ionic-team/stencil-app-starter/stargazers.html]
[github.com/ionic-team/stencil-app-starter/network.html]
[github.com/ionic-team/stencil-fiber-demo.html]
[github.com/ionic-team/stencil-fiber-demo/graphs/participation48a6.html]
[github.com/ionic-team/stencil-fiber-demo/stargazers.html]
[github.com/ionic-team/stencil-fiber-demo/network.html]
[github.com/ionic-team/ionic-hiring-chat-client.html]
[github.com/ionic-team/ionic-hiring-chat-client/graphs/participation48a6.html]
[github.com/ionic-team/ionic-hiring-chat-client/stargazers.html]
[github.com/ionic-team/ionic-hiring-chat-client/network.html]
[github.com/ionic-team/cordova-plugin-ionic.html]
[github.com/ionic-team/cordova-plugin-ionic/graphs/participation48a6.html]
[github.com/ionic-team/cordova-plugin-ionic/stargazers.html]
[github.com/ionic-team/cordova-plugin-ionic/network.html]
[github.com/ionic-team/cordova-plugin-ionic-webview.html]
[github.com/ionic-team/cordova-plugin-ionic-webview/graphs/participation48a6.html]
[github.com/ionic-team/cordova-plugin-ionic-webview/stargazers.html]
[github.com/ionic-team/cordova-plugin-ionic-webview/network.html]
[github.com/ionic-team/ionic-plugin-keyboard.html]
[github.com/ionic-team/ionic-plugin-keyboard/graphs/participation48a6.html]
[github.com/ionic-team/ionic-plugin-keyboard/stargazers.html]
[github.com/ionic-team/ionic-plugin-keyboard/network.html]
[github.com/ionic-team/stencil-dev-server.html]
[github.com/ionic-team/stencil-dev-server/graphs/participation48a6.html]
[github.com/ionic-team/stencil-dev-server/stargazers.html]
[github.com/ionic-team/ionic-cli/graphs/participation48a6.html]
[github.com/ionic-team/stencil-router.html]
[github.com/ionic-team/stencil-router/graphs/participation48a6.html]
[github.com/ionic-team/stencil-router/stargazers.html]
[github.com/ionic-team/stencil-router/network.html]
[github.com/ionic-team/ionic-package-hooks.html]
[github.com/ionic-team/ionic-package-hooks/graphs/participation48a6.html]
[github.com/ionic-team/ionic-package-hooks/stargazers.html]
[github.com/ionic-team/ionic-package-hooks/network.html]
[github.com/ionic-team/ionic-code.html]
[github.com/ionic-team/ionic-code/graphs/participation48a6.html]
[github.com/ionic-team/ionic-code/stargazers.html]
[github.com/ionic-team/ionic-code/network.html]
[github.com/ionic-team/TraceKit.html]
[github.com/ionic-team/TraceKit/graphs/participation48a6.html]
[github.com/ionic-team/TraceKit/network.html]
[github.com/ionic-team/ionic2-starter-tabs.html]
[github.com/ionic-team/ionic2-starter-tabs/graphs/participation48a6.html]
[github.com/ionic-team/ionic2-starter-tabs/stargazers.html]
[github.com/ionic-team/ionic2-starter-tabs/network.html]
[github.com/ionic-team/ionic2-starter-sidemenu.html]
[github.com/ionic-team/ionic2-starter-sidemenu/graphs/participation48a6.html]
[github.com/ionic-team/ionic2-starter-sidemenu/stargazers.html]
[github.com/ionic-team/ionic2-starter-sidemenu/network.html]
[github.com/ionic-team/stencil-ssr-starter.html]
[github.com/ionic-team/stencil-ssr-starter/graphs/participation48a6.html]
[github.com/ionic-team/stencil-ssr-starter/stargazers.html]
[github.com/ionic-team/stencil-ssr-starter/network.html]
[github.com/ionic-team/ionic-app-base.html]
[github.com/ionic-team/ionic-app-base/graphs/participation48a6.html]
[github.com/ionic-team/ionic-app-base/stargazers.html]
[github.com/ionic-team/ionic-app-base/network.html]
[github.com/ionic-team/cordova-plugin-template.html]
[github.com/ionic-team/cordova-plugin-template/graphs/participation48a6.html]
[github.com/ionic-team/cordova-plugin-template/stargazers.html]
[github.com/ionic-team/index.html]
[github.com/ionic-team/cordova-plugin-template/network.html]
[apps.ionic.io/login.html]
[apps.ionic.io/user/reset-password.html]
[dashboard.ionicjs.com/signup.html]
[ionicframework.com/docs/intro/installation/index.html]
[ionicframework.com/docs/intro/tutorial/index.html]
[ionicframework.com/docs/intro/tutorial/project-structure/index.html]
[ionicframework.com/docs/intro/deploying/index.html]
[ionicframework.com/docs/intro/migration/index.html]
[ionicframework.com/docs/intro/concepts/index.html]
[blog.ionic.io/where-does-the-ionic-framework-fit-in/index.html]
[twitter.com/adamdbradley.html]
[github.com/ionic-team/ionic/edit/master/src/storage.2c0.delayed]
[ionicframework.com/docs/storage/index.html]
[ionicframework.com/docs/theming/index.html]
[github.com/ionic-team/ionic-site/blob/master/content/docs/theming/index.html]
[ionicframework.com/docs/theming/style.css]
[ionicframework.com/docs/theming/css-utilities/style.css]
[ionicframework.com/docs/theming/css-utilities/index.html]
[ionicframework.com/docs/theming/responsive-grid/style.css]
[ionicframework.com/docs/theming/Grid]
[ionicframework.com/docs/theming/Col]
[ionicframework.com/docs/theming/Row]
[ionicframework.com/docs/theming/responsive-grid/index.html]
[ionicframework.com/docs/theming/theming-your-app/index.html]
[ionicframework.com/docs/theming/sass-variables/index.html]
[ionicframework.com/docs/theming/platform-specific-styles/index.html]
[ionicframework.com/docs/theming/overriding-ionic-variables/style.css]
[ionicframework.com/docs/theming/overriding-ionic-variables/index.html]
[ionicframework.com/docs/theming/rtl-support/index.html]
[ionicframework.com/docs/theming/overriding-ionic-variables/appc4ca.js]
[ionicframework.com/docs/ionicons/animation.html]
[ionicframework.com/docs/ionicons/index.html]
[ionicframework.com/docs/cli/starters.html]
[ionicframework.com/docs/cli/commands.html]
[ionicframework.com/docs/cli/index.html]
[ionicframework.com/docs/wkwebview/index.html]
[ionicframework.com/docs/cli/configuring.html]
[ionicframework.com/docs/resources/third-party-libs]
[ionicframework.com/docs/troubleshooting/index.html]
[ionicframework.com/docs/faq/index.html]
[www.facebook.com/ionicframework4964.html]
[www.facebook.com/ionicframework/indexdb6b.html]
[www.facebook.com/ionicframework/index8cfa.html]
[www.facebook.com/ionicframework/indexf7c8.html]
[www.facebook.com/ionicframework/index1cc1.html]
[www.facebook.com/ionicframework/photos/pb.1321836767955949.-2207520000.1507396987/1690158561123766/index513b.html]
[www.facebook.com/ionicframework/photos/pb.1321836767955949.-2207520000.1507396987/1711354172337538/index513b.html]
[www.facebook.com/ionicframework/photos/pb.1321836767955949.-2207520000.1507396987/1323608374445455/index513b.html]
[www.facebook.com/ionicframework/index7698.html]
[www.facebook.com/ionicframework/indexddf3.html]
[www.facebook.com/ionicframework/index04b0.html]
[www.facebook.com/ionicframework/index6bb5.html]
[www.facebook.com/ionicframework/indexf911.html]
[www.facebook.com/ionicframework/indexfe9c.html]
[www.facebook.com/ionicframework/indexa81b.html]
[www.facebook.com/ionicframework/indexe5b9.html]
[www.facebook.com/ionicframework/index071b.html]
[www.facebook.com/ionicframework/index11d2.html]
[www.facebook.com/ionicframework/indexd083.html]
[www.facebook.com/ionicframework/indexff5e.html]
[www.facebook.com/ionicframework/index715f.html]
[www.facebook.com/ionicframework/index2db8.html]
[www.facebook.com/ionicframework/index7601.html]
[www.facebook.com/ionicframework/index86b4.html]
[www.facebook.com/ionicframework/index5866.html]
[www.facebook.com/ionicframework/indexd63e.html]
[www.facebook.com/ionicframework/indexe903.html]
[www.facebook.com/ionicframework/index2f24.html]
[www.facebook.com/ionicframework/indexc1dc.html]
[www.facebook.com/ionicframework/index0044.html]
[www.facebook.com/ionicframework/indexdd8b.html]
[www.facebook.com/ionicframework/indexc1d0.html]
[www.facebook.com/ionicframework/index48f3.html]
[www.facebook.com/ionicframework/indexdf9a.html]
[www.facebook.com/ionicframework/indexe96d.html]
[www.facebook.com/ionicframework/indexddce.html]
[www.facebook.com/ionicframework/index0f24.html]
[www.facebook.com/ionicframework/index9dcf.html]
[www.facebook.com/ionicframework/index0c20.html]
[www.facebook.com/ionicframework/index3eaf.html]
[www.facebook.com/ionicframework/index5f2d.html]
[www.facebook.com/ionicframework/photos/pb.1321836767955949.-2207520000.1507396989/1323608374445455/index513b.html]
[www.facebook.com/ionicframework/photos/pb.1321836767955949.-2207520000.1507396989/1690158561123766/index513b.html]
[www.facebook.com/ionicframework/photos/pb.1321836767955949.-2207520000.1507396989/1711354172337538/index513b.html]
[www.facebook.com/ionicframework/index86dc.html]
[www.facebook.com/ionicframework/indexc5e0.html]
[www.facebook.com/ionicframework/indexff57.html]
[www.facebook.com/ionicframework/indexefe5.html]
[www.facebook.com/ionicframework/indexb046.html]
[www.facebook.com/ionicframework/index16ab.html]
[www.facebook.com/ionicframework/index100c.html]
[www.facebook.com/ionicframework/index.html]
[www.facebook.com/ionicframework/indexa7fe.html]
[www.facebook.com/ionicframework/indexf43a.html]
[www.facebook.com/ionicframework/index9508.html]
[www.facebook.com/ionicframework/index2a5c.html]
[www.facebook.com/osd.xml]
[www.facebook.com/ionicframework/index26f0.html]
[www.facebook.com/ionicframework/index69d5.html]
[www.facebook.com/ionicframework/index84d8.html]
[www.facebook.com/legal/terms.html]
[www.facebook.com/ionicframework/index7f3b.html]
[www.facebook.com/ionicframework/indexdf3f.html]
[www.facebook.com/ionicframework/indexcc15.html]
[www.facebook.com/about/privacy.html]
[www.facebook.com/r.html]
[www.facebook.com/ionicframework/indexf1f5.html]
[www.facebook.com/ionicframework/index3385.html]
[www.facebook.com/ionicframework/index530f.html]
[www.facebook.com/ionicframework/index1c62.html]
[www.facebook.com/ionicframework/indexfb34.html]
[www.facebook.com/ionicframework/index705a.html]
[www.facebook.com/ionicframework/index21c4.html]
[www.facebook.com/facebook.html]
[www.facebook.com/ionicframework/index59cd.html]
[www.facebook.com/ionicframework/index05d6.html]
[www.facebook.com/ionicframework/index2a5e.html]
[www.facebook.com/campaign/landing85ec.html]
[www.facebook.com/ionicframework/index2f7f.html]
[www.facebook.com/ionicframework/indexd368.html]
[www.facebook.com/ionicframework/index41f2.html]
[www.facebook.com/ionicframework/index223b.html]
[www.facebook.com/allactivity99e1]
[www.facebook.com/index.html]
[www.facebook.com/lite/index.html]
[www.facebook.com/login/index.html]
[www.facebook.com/mobile/index30c2.html]
[www.facebook.com/pages/create/indexf949.html]
[www.facebook.com/login/identifyfcb5.html]
[www.facebook.com/directory/pages/index.html]
[www.facebook.com/directory/people/index.html]
[www.facebook.com/places/index.html]
[www.facebook.com/login.html]
[www.facebook.com/directory/places/index.html]
[www.facebook.com/directory/celebrities/index.html]
[www.facebook.com/games/index.html]
[www.facebook.com/login/XoQO]
[www.facebook.com/directory/marketplace/index.html]
[www.facebook.com/directory/groups/index.html]
[www.facebook.com/recipes/index.html]
[www.facebook.com/sport/index.html]
[www.facebook.com/login/vwtR]
[www.facebook.com/look/directory/index.html]
[www.facebook.com/pages/create/indexebd6.html]
[www.facebook.com/help/index30c2.html]
[www.facebook.com/careers/index30c2.html]
[www.facebook.com/login/dH2O]
[www.facebook.com/login/QYEj]
[www.facebook.com/login/identifyad2e.html]
[www.facebook.com/r97fa.html]
[www.facebook.com/ionicframework/index95df.html]
[www.facebook.com/ionicframework/indexb1cd.html]
[www.facebook.com/ionicframework/index0cb5.html]
[www.facebook.com/ionicframework/index3bcb.html]
[www.facebook.com/ionicframework/photos/pb.1321836767955949.-2207520000.1507396992/1323608374445455/index513b.html]
[www.facebook.com/ionicframework/photos/pb.1321836767955949.-2207520000.1507396992/1711354172337538/index513b.html]
[www.facebook.com/ionicframework/photos/pb.1321836767955949.-2207520000.1507396992/1690158561123766/index513b.html]
[www.facebook.com/ionicframework/indexacf3.html]
[www.facebook.com/ionicframework/indexd858.html]
[www.facebook.com/ionicframework/index43f3.html]
[www.facebook.com/ionicframework/indexfb3a.html]
[www.facebook.com/ionicframework/index9dcc.html]
[www.facebook.com/ionicframework/indexccf0.html]
[www.facebook.com/ionicframework/index3b68.html]
[www.facebook.com/ionicframework/index742e.html]
[www.facebook.com/ionicframework/indexe51a.html]
[www.facebook.com/ionicframework/indexed70.html]
[www.facebook.com/ionicframework/index7218.html]
[www.facebook.com/ionicframework/index0f5f.html]
[www.facebook.com/ionicframework/index3a59.html]
[www.facebook.com/ionicframework/indexfa1f.html]
[www.facebook.com/ionicframework/indexd7b1.html]
[www.facebook.com/ionicframework/index3c39.html]
[www.facebook.com/ionicframework/index98e1.html]
[www.facebook.com/ionicframework/indexcdf5.html]
[www.facebook.com/ionicframework/indexdf2b.html]
[www.facebook.com/ionicframework/index257a.html]
[www.facebook.com/ionicframework/index3815.html]
[www.facebook.com/ionicframework/index52c9.html]
[www.facebook.com/ionicframework/indexcabb.html]
[www.facebook.com/ionicframework/index9ac2.html]
[www.facebook.com/ionicframework/indexbf2a.html]
[www.facebook.com/ionicframework/indexdb7d.html]
[www.facebook.com/ionicframework/index4bc1.html]
[www.facebook.com/ionicframework/index6817.html]
[www.facebook.com/ionicframework/index20f3.html]
[www.facebook.com/ionicframework/index76a2.html]
[www.facebook.com/ionicframework/indexa17e.html]
[www.facebook.com/ionicframework/posts_to_page76a2.html]
[www.facebook.com/ionicframework/posts/1990075087798777.html]
[www.facebook.com/rcf2c.html]
[www.facebook.com/people/समाधान-पाटिल-समाधान-पाटिल/100022302374153.html]
[www.facebook.com/photo659c.html]
[www.facebook.com/fred.html]
[www.facebook.com/ionicframework/posts/1986992998106986.html]
[www.facebook.com/ionicframework/posts/1966980120108274.html]
[www.facebook.com/ionicframework/posts/1966886683450951.html]
[www.facebook.com/ionicframework/indexc531.html]
[www.facebook.com/ionicframework/index1277.html]
[www.facebook.com/ionicframework/index2449.html]
[www.facebook.com/ionicframework/posts/1964922516980701.html]
[www.facebook.com/ionicframework/index6e30.html]
[www.facebook.com/ionicframework/indexb0be.html]
[www.facebook.com/ionicframework/posts/6+Cq]
[www.facebook.com/ionicframework/indexbb46.html]
[www.facebook.com/ionicframework/index67ae.html]
[www.facebook.com/ionicframework/posts/xpaf]
[www.facebook.com/ionicframework/index6807.html]
[www.facebook.com/ionicframework/indexfa84.html]
[www.facebook.com/ionicframework/index3ac7.html]
[www.facebook.com/ionicframework/indexeb97.html]
[www.facebook.com/ionicframework/posts/dH2O]
[www.facebook.com/ionicframework/index0e8f.html]
[www.facebook.com/ionicframework/index95c6.html]
[www.facebook.com/ionicframework/posts/QYEj]
[www.facebook.com/ionicframework/posts/index76a2.html]
[www.facebook.com/ionicframework/index4f30.html]
[www.facebook.com/ionicframework/index3123.html]
[www.facebook.com/ionicframework/index8cf5.html]
[www.facebook.com/ionicframework/indexdc78.html]
[www.facebook.com/ionicframework/indexc570.html]
[www.facebook.com/ionicframework/photos.html]
[www.facebook.com/ionicframework/index2dec.html]
[www.facebook.com/ionicframework/index0327.html]
[www.facebook.com/ionicframework/index5acb.html]
[www.facebook.com/ionicframework/photos/6+Cq]
[www.facebook.com/ionicframework/indexaaba.html]
[www.facebook.com/ionicframework/index1fe4.html]
[www.facebook.com/ionicframework/photos/xpaf]
[www.facebook.com/ionicframework/indexab46.html]
[www.facebook.com/ionicframework/indexccb2.html]
[www.facebook.com/ionicframework/index5811.html]
[www.facebook.com/ionicframework/indexa75b.html]
[www.facebook.com/ionicframework/photos/dH2O]
[www.facebook.com/ionicframework/indexc430.html]
[www.facebook.com/ionicframework/index643a.html]
[www.facebook.com/ionicframework/photos/QYEj]
[www.facebook.com/ionicframework/photos/index76a2.html]
[www.facebook.com/ionicframework/indexbe76.html]
[www.facebook.com/ionicframework/indexd454.html]
[www.facebook.com/ionicframework/index2dc2.html]
[www.facebook.com/ionicframework/index872d.html]
[www.facebook.com/ionicframework/indexac92.html]
[www.facebook.com/ionicframework/about.html]
[www.facebook.com/ionicframework/index9007.html]
[www.facebook.com/ionicframework/index9959.html]
[www.facebook.com/ionicframework/index9329.html]
[www.facebook.com/ionicframework/about/XoQO]
[www.facebook.com/login/index72ea.html]
[www.facebook.com/ionicframework/index0fa4.html]
[www.facebook.com/ionicframework/about/vwtR]
[www.facebook.com/ionicframework/index11b0.html]
[www.facebook.com/ionicframework/indexb40a.html]
[www.facebook.com/reg/index.html]
[www.facebook.com/ionicframework/about/dH2O]
[www.facebook.com/ionicframework/about/QYEj]
[www.facebook.com/ionicframework/about/index76a2.html]
[www.facebook.com/ionicframework/community.html]
[www.facebook.com/photod596.html]
[www.facebook.com/photo960d.html]
[www.facebook.com/photod50a.html]
[www.facebook.com/photo9e9b.html]
[www.facebook.com/photo5e0f.html]
[www.facebook.com/ionicframework/community/XoQO]
[www.facebook.com/ionicframework/community/vwtR]
[www.facebook.com/ionicframework/community/dH2O]
[www.facebook.com/ionicframework/community/QYEj]
[www.facebook.com/ionicframework/community/index76a2.html]
[www.facebook.com/pages/create/dialog/indexc742.html]
[www.facebook.com/ionicframework/community/index.html]
[www.facebook.com/ionicframework/about/index.html]
[www.facebook.com/search/str/Software/keywords_pages/index8c85.html]
[www.facebook.com/ionicframework/likes76a2.html]
[www.facebook.com/ionicframework/likes.html]
[www.facebook.com/ionicthemes/likes76a2.html]
[www.facebook.com/plugins/page/oembed.json/indexcf9d.html]
[www.facebook.com/ionicthemes/likes.html]
[www.facebook.com/ionicthemes/index76a2.html]
[www.facebook.com/ionicthemes/index.html]
[www.facebook.com/ionicthemes/posts/index76a2.html]
[www.facebook.com/ionicthemes/videos/index76a2.html]
[www.facebook.com/ionicthemes/app/116943498446376/index76a2.html]
[www.facebook.com/ionicthemes/about/index76a2.html]
[www.facebook.com/ionicthemes/app/100265896690345/index76a2.html]
[www.facebook.com/ionicthemes/app/349313058487732/index76a2.html]
[www.facebook.com/ionicthemes/videos.html]
[www.facebook.com/ionicthemes/community/index76a2.html]
[www.facebook.com/ionicthemes/photos/index76a2.html]
[www.facebook.com/search/str/Internet+Company/keywords_pages/index8c85.html]
[www.facebook.com/ionicthemes/community/index.html]
[www.facebook.com/ionicthemes/about/index.html]
[www.facebook.com/ionicthemes/posts.html]
[www.facebook.com/angular4/indexb3a1.html]
[www.facebook.com/angular2academy/indexb3a1.html]
[www.facebook.com/Telerik/indexb3a1.html]
[www.facebook.com/ionicthemes/index34a1.html]
[www.facebook.com/ionicthemes/photos/a.588256341329028.1073741828.584512605036735/886241388197187/index513b.html]
[www.facebook.com/ionicthemes/indexdea9.html]
[www.facebook.com/ionicthemes/indexc372.html]
[www.facebook.com/ionicthemes/videos/878126339008692/index.html]
[www.facebook.com/ionicthemes/videos/790486494439344/index.html]
[www.facebook.com/ionicthemes/videos/885763538244972/index.html]
[www.facebook.com/ionicthemes/index64a0.html]
[www.facebook.com/ionicthemes/posts/871064999714826.html]
[www.facebook.com/ionicthemes/videos/882240715263921/index.html]
[www.facebook.com/ionicthemes/photos/pb.584512605036735.-2207520000.1507396998/886241388197187/index513b.html]
[www.facebook.com/ionicthemes/videos/index.html]
[www.facebook.com/ionicthemes/photos/pb.584512605036735.-2207520000.1507396998/874437646044228/index513b.html]
[www.facebook.com/ionicthemes/photos/index.html]
[www.facebook.com/ionicthemes/photos/pb.584512605036735.-2207520000.1507396998/881178118703514/index513b.html]
[www.facebook.com/hashtag/ionicframeworkc31c.html]
[www.facebook.com/ionicthemes/index8944.html]
[www.facebook.com/ionicthemes/indexc186.html]
[www.facebook.com/ionicthemes/index754d.html]
[www.facebook.com/ionicthemes/photos/a.588256341329028.1073741828.584512605036735/881178118703514/index513b.html]
[www.facebook.com/ionicthemes/indexac4c.html]
[www.facebook.com/ionicthemes/indexaa38.html]
[www.facebook.com/ionicthemes/indexe130.html]
[www.facebook.com/hashtag/angularjsc31c.html]
[www.facebook.com/ionicthemes/index35c6.html]
[www.facebook.com/ionicthemes/index717f.html]
[www.facebook.com/ionicthemes/photos/a.588256341329028.1073741828.584512605036735/874437646044228/index513b.html]
[www.facebook.com/ionicthemes/photos/a.588256341329028.1073741828.584512605036735/874436539377672/index513b.html]
[www.facebook.com/ionicthemes/index9a49.html]
[www.facebook.com/ionicthemes/index30c5.html]
[www.facebook.com/ionicthemes/index1ff8.html]
[www.facebook.com/hashtag/ionic3c31c.html]
[www.facebook.com/ionicthemes/videos/874429716045021/index.html]
[www.facebook.com/ionicthemes/index0a3d.html]
[www.facebook.com/ionicthemes/index319e.html]
[www.facebook.com/ionicthemes/indexab37.html]
[www.facebook.com/hashtag/ionic2c31c.html]
[www.facebook.com/ionicthemes/posts/867582553396404.html]
[www.facebook.com/hashtag/ionicf74c.html]
[www.facebook.com/ionicthemes/index9256.html]
[www.facebook.com/ionicthemes/index0d7b.html]
[www.facebook.com/ionicthemes/posts/864341157053877.html]
[www.facebook.com/ionicthemes/index601f.html]
[www.facebook.com/ionicthemes/posts/862124250608901.html]
[www.facebook.com/ionicthemes/indexef30.html]
[www.facebook.com/ionicthemes/index6e1a.html]
[www.facebook.com/ionicthemes/index391b.html]
[www.facebook.com/hashtag/ionic30a5e.html]
[www.facebook.com/ionicthemes/posts/859341257553867.html]
[www.facebook.com/ionicthemes/indexc856.html]
[www.facebook.com/iangularjs/indexc842.html]
[www.facebook.com/ionicthemes/indexb1da.html]
[www.facebook.com/ionicthemes/posts/853962048091788.html]
[www.facebook.com/ionicthemes/index0ef1.html]
[www.facebook.com/ionicthemes/index2933.html]
[www.facebook.com/ionicframework/indexc842.html]
[www.facebook.com/ionicthemes/posts/852484938239499.html]
[www.facebook.com/hashtag/ionic0390.html]
[www.facebook.com/hashtag/ionicfe48.html]
[www.facebook.com/ionicthemes/posts/851299205024739.html]
[www.facebook.com/ionicthemes/index7531.html]
[www.facebook.com/ionicthemes/index57bf.html]
[www.facebook.com/ionicthemes/6+Cq]
[www.facebook.com/ionicthemes/indexdab6.html]
[www.facebook.com/ionicthemes/index61cc.html]
[www.facebook.com/ionicthemes/indexb3a1.html]
[www.facebook.com/PhoneGap/likes76a2.html]
[www.facebook.com/plugins/page/oembed.json/indexc495.html]
[www.facebook.com/PhoneGap/index76a2.html]
[www.facebook.com/PhoneGap/index.html]
[www.facebook.com/PhoneGap/likes.html]
[www.facebook.com/PhoneGap/photos/index76a2.html]
[www.facebook.com/PhoneGap/events/index76a2.html]
[www.facebook.com/PhoneGap/about/index76a2.html]
[www.facebook.com/pages/Sencha-Touch/118898031528093.html]
[www.facebook.com/PhoneGap/app/144421742246079/index76a2.html]
[www.facebook.com/PhoneGap/app/196500153792369/index76a2.html]
[www.facebook.com/login/index133d.html]
[www.facebook.com/PhoneGap/community/index76a2.html]
[www.facebook.com/PhoneGap/posts/index76a2.html]
[www.facebook.com/PhoneGap/community/index.html]
[www.facebook.com/PhoneGap/posts/1399572383413533.html]
[www.facebook.com/search/str/Product/Service/keywords_pages/index8c85.html]
[www.facebook.com/PhoneGap/about/index.html]
[www.facebook.com/MongoDB/indexb3a1.html]
[www.facebook.com/PhoneGap/posts.html]
[www.facebook.com/eclipse.org/indexb3a1.html]
[www.facebook.com/CodeSchool/indexb3a1.html]
[www.facebook.com/PhoneGap/posts/1381022321935206.html]
[www.facebook.com/PhoneGap/photos/pb.191998630837587.-2207520000.1507396998/945265718844204/index513b.html]
[www.facebook.com/jQuery-8936834181/index.html]
[www.facebook.com/PhoneGap/posts/1343112625726176.html]
[www.facebook.com/visualstudio/index.html]
[www.facebook.com/PhoneGap/photos/pb.191998630837587.-2207520000.1507396998/945265465510896/index513b.html]
[www.facebook.com/PhoneGap/photos/pb.191998630837587.-2207520000.1507396998/944762538894522/index513b.html]
[www.facebook.com/PhoneGap/posts/1297756713595101.html]
[www.facebook.com/PhoneGap/photos/index.html]
[www.facebook.com/PhoneGap/index0db8.html]
[www.facebook.com/PhoneGap/posts/1289501514420621.html]
[www.facebook.com/PhoneGap/index78c1.html]
[www.facebook.com/PhoneGap/posts/1266872010016905.html]
[www.facebook.com/PhoneGap/indexec7d.html]
[www.facebook.com/events/332636357173340/index75e7.html]
[www.facebook.com/PhoneGap/index8606.html]
[www.facebook.com/PhoneGap/posts/1246522252051881.html]
[www.facebook.com/events/332636357173340/index31d8.html]
[www.facebook.com/events/332636357173340/index.html]
[www.facebook.com/events/332636357173340/index309e.html]
[www.facebook.com/PhoneGap/posts/1218089094895197.html]
[www.facebook.com/PhoneGap/index7263.html]
[www.facebook.com/PhoneGap/indexbb48.html]
[www.facebook.com/PhoneGap/index677e.html]
[www.facebook.com/PhoneGap/posts/1198757126828394.html]
[www.facebook.com/PhoneGap/posts/1122167027820738.html]
[www.facebook.com/PhoneGap/indexd1c4.html]
[www.facebook.com/PhoneGap/index4533.html]
[www.facebook.com/PhoneGap/posts/1085335054837269.html]
[www.facebook.com/PhoneGap/index5d3f.html]
[www.facebook.com/PhoneGap/posts/1081910565179718.html]
[www.facebook.com/PhoneGap/posts/1055669134470528.html]
[www.facebook.com/PhoneGap/index9971.html]
[www.facebook.com/PhoneGap/index9427.html]
[www.facebook.com/PhoneGap/indexcd72.html]
[www.facebook.com/PhoneGap/index1b26.html]
[www.facebook.com/PhoneGap/posts/1018782981492477.html]
[www.facebook.com/PhoneGap/index1c0c.html]
[www.facebook.com/events/1279268642164092/index0cfd.html]
[www.facebook.com/PhoneGap/index501e.html]
[www.facebook.com/events/1279268642164092/index31d8.html]
[www.facebook.com/events/1279268642164092/index4339.html]
[www.facebook.com/PhoneGap/index9f64.html]
[www.facebook.com/PhoneGap/posts/1029219793782129.html]
[www.facebook.com/PhoneGap/index63a6.html]
[www.facebook.com/PhoneGap/indexbb4f.html]
[www.facebook.com/PhoneGap/indexef47.html]
[www.facebook.com/PhoneGap/indexea38.html]
[www.facebook.com/PhoneGap/index3f03.html]
[www.facebook.com/PhoneGap/indexf614.html]
[www.facebook.com/PhoneGap/indexc0ae.html]
[www.facebook.com/PhoneGap/indexd5ab.html]
[www.facebook.com/PhoneGap/index3941.html]
[www.facebook.com/PhoneGap/index42d4.html]
[www.facebook.com/PhoneGap/index7062.html]
[www.facebook.com/PhoneGap/index4da4.html]
[www.facebook.com/PhoneGap/index5b0a.html]
[www.facebook.com/PhoneGap/indexa128.html]
[www.facebook.com/PhoneGap/indexe104.html]
[www.facebook.com/PhoneGap/index50a3.html]
[www.facebook.com/PhoneGap/index5532.html]
[www.facebook.com/PhoneGap/indexb3a1.html]
[www.facebook.com/plugins/page/oembed.json/index0db8.html]
[www.facebook.com/sitepoint/likes76a2.html]
[www.facebook.com/sitepoint/index.html]
[www.facebook.com/sitepoint/index76a2.html]
[www.facebook.com/sitepoint/likes.html]
[www.facebook.com/sitepoint/about/index76a2.html]
[www.facebook.com/sitepoint/events/index76a2.html]
[www.facebook.com/sitepoint/app/302195676460262/index76a2.html]
[www.facebook.com/sitepoint/photos/index76a2.html]
[www.facebook.com/sitepoint/videos/index76a2.html]
[www.facebook.com/sitepoint/community/index76a2.html]
[www.facebook.com/sitepoint/app/126231547426086/index76a2.html]
[www.facebook.com/sitepoint/posts/index76a2.html]
[www.facebook.com/sitepoint/videos.html]
[www.facebook.com/search/str/Education+Website/keywords_pages/index8c85.html]
[www.facebook.com/sitepoint/about/index.html]
[www.facebook.com/sitepoint/community/index.html]
[www.facebook.com/nettutsplus/indexb3a1.html]
[www.facebook.com/tutsplus/indexb3a1.html]
[www.facebook.com/smashmag/indexb3a1.html]
[www.facebook.com/sitepoint/posts/10156693929703712.html]
[www.facebook.com/sitepoint/posts.html]
[www.facebook.com/socialzinc/index.html]
[www.facebook.com/PenguinFoundation/index.html]
[www.facebook.com/RealHTML5/index.html]
[www.facebook.com/sitepoint/posts/10156693301713712.html]
[www.facebook.com/sitepoint/photos/pb.119345668711.-2207520000.1507397000/10156626039253712/index513b.html]
[www.facebook.com/sitepoint/photos/pb.119345668711.-2207520000.1507397000/10156565014763712/index513b.html]
[www.facebook.com/sitepoint/photos/pb.119345668711.-2207520000.1507397000/10156606915498712/index513b.html]
[www.facebook.com/sitepoint/posts/10156692661093712.html]
[www.facebook.com/sitepoint/photos/index.html]
[www.facebook.com/sitepoint/videos/10155683450153712/index.html]
[www.facebook.com/sitepoint/posts/10156691880218712.html]
[www.facebook.com/sitepoint/videos/10155699465878712/index.html]
[www.facebook.com/sitepoint/videos/index.html]
[www.facebook.com/sitepoint/videos/10156356966123712/index.html]
[www.facebook.com/sitepoint/posts/10156690708723712.html]
[www.facebook.com/sitepoint/videos/10156692991218712/index.html]
[www.facebook.com/sitepoint/index3bd6.html]
[www.facebook.com/sitepoint/indexd663.html]
[www.facebook.com/sitepoint/posts/10156690045838712.html]
[www.facebook.com/sitepoint/index2850.html]
[www.facebook.com/sitepoint/posts/10156688706913712.html]
[www.facebook.com/sitepoint/indexa708.html]
[www.facebook.com/sitepoint/index28d4.html]
[www.facebook.com/sitepoint/indexdc5a.html]
[www.facebook.com/sitepoint/index778d.html]
[www.facebook.com/sitepoint/index7696.html]
[www.facebook.com/sitepoint/posts/10156687589813712.html]
[www.facebook.com/sitepoint/index49e0.html]
[www.facebook.com/sitepoint/indexc100.html]
[www.facebook.com/sitepoint/posts/10156686961608712.html]
[www.facebook.com/sitepoint/indexce76.html]
[www.facebook.com/sitepoint/index6f48.html]
[www.facebook.com/sitepoint/index47ed.html]
[www.facebook.com/sitepoint/posts/10156686395063712.html]
[www.facebook.com/sitepoint/index4f6e.html]
[www.facebook.com/sitepoint/indexfe0f.html]
[www.facebook.com/sitepoint/posts/10156685607908712.html]
[www.facebook.com/sitepoint/index8cbc.html]
[www.facebook.com/sitepoint/indexca76.html]
[www.facebook.com/sitepoint/index92db.html]
[www.facebook.com/sitepoint/posts/10156684481943712.html]
[www.facebook.com/sitepoint/posts/10156683901193712.html]
[www.facebook.com/sitepoint/videos/10156686381338712/index.html]
[www.facebook.com/sitepoint/index3347.html]
[www.facebook.com/sitepoint/index7c46.html]
[www.facebook.com/sitepoint/indexdd9a.html]
[www.facebook.com/sitepoint/posts/10156683395238712.html]
[www.facebook.com/sitepoint/indexd3ba.html]
[www.facebook.com/sitepoint/indexeca4.html]
[www.facebook.com/sitepoint/index7ae5.html]
[www.facebook.com/sitepoint/indexf355.html]
[www.facebook.com/sitepoint/indexd97d.html]
[www.facebook.com/sitepoint/index7de9.html]
[www.facebook.com/sitepoint/indexb9d5.html]
[www.facebook.com/sitepoint/index901a.html]
[www.facebook.com/sitepoint/indexd13a.html]
[www.facebook.com/sitepoint/index1f05.html]
[www.facebook.com/sitepoint/index4610.html]
[www.facebook.com/sitepoint/indexb3a1.html]
[www.facebook.com/plugins/page/oembed.json/indexd495.html]
[www.facebook.com/julienrenauxblog/about/index76a2.html]
[www.facebook.com/julienrenauxblog/likes76a2.html]
[www.facebook.com/julienrenauxblog/photos/index76a2.html]
[www.facebook.com/julienrenauxblog/likes.html]
[www.facebook.com/julienrenauxblog/posts/index76a2.html]
[www.facebook.com/julienrenauxblog/community/index76a2.html]
